#-----------------------------------------------------------
# Vivado v2025.1 (64-bit)
# SW Build 6140274 on Thu May 22 00:12:29 MDT 2025
# IP Build 6138677 on Thu May 22 03:10:11 MDT 2025
# SharedData Build 6139179 on Tue May 20 17:58:58 MDT 2025
# Start of session at: Wed Aug  6 17:48:41 2025
# Process ID         : 11476
# Current directory  : C:/Xilinx/FPGA_Prototyping_by_SystemVerilog_Examples/C3_RT_Level_Combinational_Circuit/3.12.1_Multi_function_barrel_shifter/mult_fuct_barl_shifter.runs/synth_1
# Command line       : vivado.exe -log one_shift_flip_32.vds -product Vivado -mode batch -messageDb vivado.pb -notrace -source one_shift_flip_32.tcl
# Log file           : C:/Xilinx/FPGA_Prototyping_by_SystemVerilog_Examples/C3_RT_Level_Combinational_Circuit/3.12.1_Multi_function_barrel_shifter/mult_fuct_barl_shifter.runs/synth_1/one_shift_flip_32.vds
# Journal file       : C:/Xilinx/FPGA_Prototyping_by_SystemVerilog_Examples/C3_RT_Level_Combinational_Circuit/3.12.1_Multi_function_barrel_shifter/mult_fuct_barl_shifter.runs/synth_1\vivado.jou
# Running On         : ARIANSHAMAE22D1
# Platform           : Windows Server 2016 or Windows 10
# Operating System   : 22621
# Processor Detail   : Apple Silicon
# CPU Frequency      : 3200 MHz
# CPU Physical cores : 4
# CPU Logical cores  : 4
# Host memory        : 8584 MB
# Swap memory        : 2301 MB
# Total Virtual      : 10885 MB
# Available Virtual  : 2244 MB
#-----------------------------------------------------------
source one_shift_flip_32.tcl -notrace
